
Execuction: #0
Present rate(mW) :  20271
Present Voltage(mV):  11428
Remaining capacity(mWh):  24155
 
===============================
Execuction: #1
Present rate(mW) :  20271
Present Voltage(mV):  11428
Remaining capacity(mWh):  24155
 
Execuction: #2
Present rate(mW) :  37864
Present Voltage(mV):  11428
Remaining capacity(mWh):  24155
 
Execuction: #3
Present rate(mW) :  37368
Present Voltage(mV):  11071
Remaining capacity(mWh):  24155
 
Execuction: #4
Present rate(mW) :  37638
Present Voltage(mV):  11068
Remaining capacity(mWh):  24155
 
Execuction: #5
Present rate(mW) :  37843
Present Voltage(mV):  11072
Remaining capacity(mWh):  24155
 
Execuction: #6
Present rate(mW) :  37152
Present Voltage(mV):  11072
Remaining capacity(mWh):  24155
 
Execuction: #7
Present rate(mW) :  37886
Present Voltage(mV):  11051
Remaining capacity(mWh):  24155
 
Execuction: #8
Present rate(mW) :  37929
Present Voltage(mV):  11045
Remaining capacity(mWh):  24155
 
Execuction: #9
Present rate(mW) :  38167
Present Voltage(mV):  11041
Remaining capacity(mWh):  24155
 
Execuction: #10
Present rate(mW) :  37454
Present Voltage(mV):  11041
Remaining capacity(mWh):  24155
 
Execuction: #11
Present rate(mW) :  38037
Present Voltage(mV):  11027
Remaining capacity(mWh):  24155
 
Execuction: #12
Present rate(mW) :  37972
Present Voltage(mV):  11015
Remaining capacity(mWh):  24155
 
Execuction: #13
Present rate(mW) :  37897
Present Voltage(mV):  10973
Remaining capacity(mWh):  24155
 
Execuction: #14
Present rate(mW) :  38826
Present Voltage(mV):  10973
Remaining capacity(mWh):  23886
 
Execuction: #15
Present rate(mW) :  38113
Present Voltage(mV):  10960
Remaining capacity(mWh):  23886
 
Execuction: #16
Present rate(mW) :  37810
Present Voltage(mV):  10962
Remaining capacity(mWh):  23886
 
Execuction: #17
Present rate(mW) :  38296
Present Voltage(mV):  10962
Remaining capacity(mWh):  23886
 
Execuction: #18
Present rate(mW) :  39031
Present Voltage(mV):  10962
Remaining capacity(mWh):  23886
 
Execuction: #19
Present rate(mW) :  38415
Present Voltage(mV):  10946
Remaining capacity(mWh):  23886
 
Execuction: #20
Present rate(mW) :  38361
Present Voltage(mV):  10935
Remaining capacity(mWh):  23886
 
Execuction: #21
Present rate(mW) :  38242
Present Voltage(mV):  10935
Remaining capacity(mWh):  23886
 
Execuction: #22
Present rate(mW) :  38988
Present Voltage(mV):  10947
Remaining capacity(mWh):  23886
 
Execuction: #23
Present rate(mW) :  37476
Present Voltage(mV):  10943
Remaining capacity(mWh):  23886
 
Execuction: #24
Present rate(mW) :  38005
Present Voltage(mV):  10929
Remaining capacity(mWh):  23886
 
Execuction: #25
Present rate(mW) :  38329
Present Voltage(mV):  10929
Remaining capacity(mWh):  23886
 
Execuction: #26
Present rate(mW) :  39247
Present Voltage(mV):  10939
Remaining capacity(mWh):  23886
 
Execuction: #27
Present rate(mW) :  38599
Present Voltage(mV):  10929
Remaining capacity(mWh):  23886
 
Execuction: #28
Present rate(mW) :  38761
Present Voltage(mV):  10929
Remaining capacity(mWh):  23886
 
Execuction: #29
Present rate(mW) :  38361
Present Voltage(mV):  10913
Remaining capacity(mWh):  23618
 
Execuction: #30
Present rate(mW) :  37789
Present Voltage(mV):  10924
Remaining capacity(mWh):  23618
 
Execuction: #31
Present rate(mW) :  38685
Present Voltage(mV):  10901
Remaining capacity(mWh):  23618
 
Execuction: #32
Present rate(mW) :  38642
Present Voltage(mV):  10901
Remaining capacity(mWh):  23618
 
Execuction: #33
Present rate(mW) :  38502
Present Voltage(mV):  10897
Remaining capacity(mWh):  23618
 
Execuction: #34
Present rate(mW) :  39355
Present Voltage(mV):  10920
Remaining capacity(mWh):  23618
 
Execuction: #35
Present rate(mW) :  38556
Present Voltage(mV):  10889
Remaining capacity(mWh):  23618
 
Execuction: #36
Present rate(mW) :  38199
Present Voltage(mV):  10889
Remaining capacity(mWh):  23618
 
Execuction: #37
Present rate(mW) :  38264
Present Voltage(mV):  10898
Remaining capacity(mWh):  23618
 
Execuction: #38
Present rate(mW) :  39344
Present Voltage(mV):  10861
Remaining capacity(mWh):  23618
 
Execuction: #39
Present rate(mW) :  38772
Present Voltage(mV):  10861
Remaining capacity(mWh):  23618
 
Execuction: #40
Present rate(mW) :  38437
Present Voltage(mV):  10879
Remaining capacity(mWh):  23618
 
Execuction: #41
Present rate(mW) :  38804
Present Voltage(mV):  10904
Remaining capacity(mWh):  23618
 
Execuction: #42
Present rate(mW) :  38847
Present Voltage(mV):  10883
Remaining capacity(mWh):  23350
 
Execuction: #43
Present rate(mW) :  38988
Present Voltage(mV):  10883
Remaining capacity(mWh):  23350
 
Execuction: #44
Present rate(mW) :  38404
Present Voltage(mV):  10887
Remaining capacity(mWh):  23350
 
Execuction: #45
Present rate(mW) :  38718
Present Voltage(mV):  10915
Remaining capacity(mWh):  23350
 
Execuction: #46
Present rate(mW) :  38912
Present Voltage(mV):  10917
Remaining capacity(mWh):  23350
 
Execuction: #47
Present rate(mW) :  38026
Present Voltage(mV):  10917
Remaining capacity(mWh):  23350
 
Execuction: #48
Present rate(mW) :  38394
Present Voltage(mV):  10888
Remaining capacity(mWh):  23350
 
Execuction: #49
Present rate(mW) :  38869
Present Voltage(mV):  10907
Remaining capacity(mWh):  23350
 
Execuction: #50
Present rate(mW) :  38815
Present Voltage(mV):  10925
Remaining capacity(mWh):  23350
 
===============================
Execuction: #0
Present rate(mW) :  38124
Present Voltage(mV):  10925
Remaining capacity(mWh):  23350
 

--------------

real	1m27.976s
user	1m23.769s
sys	0m4.210s
